// Jest Snapshot v1, https://goo.gl/fbAQLP

exports[`render correctly 1`] = `
<View>
  <Text
    testID="hello"
  >
    Hello 
    
  </Text>
  <View>
    <TextInput
      allowFontScaling={true}
      onChangeText={[Function]}
      placeholder="Digite seu nome"
      rejectResponderTermination={true}
      testID="input"
      underlineColorAndroid="transparent"
    />
  </View>
  <Text
    testID="name"
  >
    O nome que vocÃª digitou foi: 
    
  </Text>
</View>
`;
